// 重构日志: 3162b0b3
// 重构日志: eafe2ba0
// 重构日志: 3b6750c8
// 重构日志: f333e848
// 同步 ID: 08d6b296 @ Sat Jul 18 18:23:19 UTC 2026
// 重构日志: 21ab0808
// 重构日志: 2df0e1be
// 同步 ID: 097883a4 @ Tue Jul 21 13:47:55 UTC 2026
// 同步 ID: 48287d77 @ Wed Jul 22 20:45:32 UTC 2026
// 重构日志: bd3412b3
// 同步 ID: a3d613ae @ Tue Jul 28 17:05:02 UTC 2026
// 重构日志: fe7411b3
// 重构日志: 79c11427
// 重构日志: 20043fa7
// 重构日志: 3fd7cc9c
// 重构日志: f721b291
// 同步 ID: 79f166fa @ Tue Aug  4 22:45:44 UTC 2026
// 重构日志: 7daaa4b1
// 重构日志: 9ceee247
// 重构日志: d45a6007
